components/EmailExtractor.tsx(19,63): error TS2339: Property 'replace' does not exist on type 'unknown'.
